Command line invocation:
    /Applications/Xcode.app/Contents/Developer/usr/bin/xcodebuild -project platform/apple/Aetherfield.xcodeproj -scheme AetherfieldHarness -configuration Release -destination id=B12C4E38-24DA-551D-9AB4-E699CDCEEBC9 test -only-testing AetherfieldHarnessTests/PhysicalAcceptanceTests/testHT3PartitionedRenderingBitExact

2026-09-21 22:34:48.280 xcodebuild[65115:509270] [MT] DVTAssertions: Warning in IDEFrameworks/IDEFoundation/Testing/IDETestRunSpecificationBuilder.m:463
Details:  Test host (/Users/artbox/Library/Developer/Xcode/DerivedData/Aetherfield-bmpuuhknfhxszvalsxinbuvnsjlw/Build/Products/Release-iphoneos/AetherfieldHost.app/AetherfieldHost) for <Xcode3TargetProduct:0xc1d4da6a0:AetherfieldHarnessTests.xctest blueprint:<Xcode3Target:0xc1f84cdc0:AetherfieldHarnessTests>> was not found among the preferred buildables but a match was found in the workspace-wide search.
Object:   <IDETestRunSpecificationBuilder>
Method:   +hostBuildableProductForBuildable:buildParameters:workspace:preferredBuildables:
Thread:   <_NSMainThread: 0x103c0a090>{number = 1, name = main}
Please file a bug at https://feedbackassistant.apple.com with this warning message and any useful information you can provide.
ComputePackagePrebuildTargetDependencyGraph

Prepare packages

CreateBuildRequest

SendProjectDescription

CreateBuildOperation

ComputeTargetDependencyGraph
note: Building targets in dependency order
note: Target dependency graph (3 targets)
    Target 'AetherfieldHarnessTests' in project 'Aetherfield'
        ➜ Explicit dependency on target 'AetherfieldHost' in project 'Aetherfield'
    Target 'AetherfieldHost' in project 'Aetherfield'
        ➜ Explicit dependency on target 'AetherfieldAUExtension' in project 'Aetherfield'
    Target 'AetherfieldAUExtension' in project 'Aetherfield' (no dependencies)

GatherProvisioningInputs

CreateBuildDescription

ClangStatCache /Applications/Xcode.app/Contents/Developer/Toolchains/XcodeDefault.xctoolchain/usr/bin/clang-stat-cache /Applications/Xcode.app/Contents/Developer/Platforms/iPhoneOS.platform/Developer/SDKs/iPhoneOS27.0.sdk /Users/artbox/Library/Developer/Xcode/DerivedData/SDKStatCaches.noindex/iphoneos27.0-24A430-6c78b3cbc238196c85e1bf6c792c5915.sdkstatcache
    cd /Users/artbox/Documents/Repos/aetherfield/platform/apple/Aetherfield.xcodeproj
    /Applications/Xcode.app/Contents/Developer/Toolchains/XcodeDefault.xctoolchain/usr/bin/clang-stat-cache /Applications/Xcode.app/Contents/Developer/Platforms/iPhoneOS.platform/Developer/SDKs/iPhoneOS27.0.sdk -o /Users/artbox/Library/Developer/Xcode/DerivedData/SDKStatCaches.noindex/iphoneos27.0-24A430-6c78b3cbc238196c85e1bf6c792c5915.sdkstatcache

CodeSign /Users/artbox/Library/Developer/Xcode/DerivedData/Aetherfield-bmpuuhknfhxszvalsxinbuvnsjlw/Build/Products/Release-iphoneos/AetherfieldHost.app (in target 'AetherfieldHost' from project 'Aetherfield')
    cd /Users/artbox/Documents/Repos/aetherfield/platform/apple
    
    Signing Identity:     "Apple Development: joshband@gmail.com (Q8RAXYZQK4)"
    Provisioning Profile: "iOS Team Provisioning Profile: com.aetherfield.placeholder.AetherfieldHost"
                          (20d27be8-13cb-4997-9da4-ca0015208434)
    
    /usr/bin/codesign --force --sign 627E3654EFB5CD119AA064491B4E60A7F157C6D4 --entitlements /Users/artbox/Library/Developer/Xcode/DerivedData/Aetherfield-bmpuuhknfhxszvalsxinbuvnsjlw/Build/Intermediates.noindex/Aetherfield.build/Release-iphoneos/AetherfieldHost.build/AetherfieldHost.app.xcent --timestamp\=none --generate-entitlement-der /Users/artbox/Library/Developer/Xcode/DerivedData/Aetherfield-bmpuuhknfhxszvalsxinbuvnsjlw/Build/Products/Release-iphoneos/AetherfieldHost.app
/Users/artbox/Library/Developer/Xcode/DerivedData/Aetherfield-bmpuuhknfhxszvalsxinbuvnsjlw/Build/Products/Release-iphoneos/AetherfieldHost.app: replacing existing signature

Validate /Users/artbox/Library/Developer/Xcode/DerivedData/Aetherfield-bmpuuhknfhxszvalsxinbuvnsjlw/Build/Products/Release-iphoneos/AetherfieldHost.app (in target 'AetherfieldHost' from project 'Aetherfield')
    cd /Users/artbox/Documents/Repos/aetherfield/platform/apple
    builtin-validationUtility /Users/artbox/Library/Developer/Xcode/DerivedData/Aetherfield-bmpuuhknfhxszvalsxinbuvnsjlw/Build/Products/Release-iphoneos/AetherfieldHost.app -shallow-bundle -infoplist-subpath Info.plist

PruneExplicitPrecompiledModules /Users/artbox/Library/Developer/Xcode/DerivedData/SDKExplicitPrecompiledModules

PruneExplicitPrecompiledModules /Users/artbox/Library/Developer/Xcode/DerivedData/Aetherfield-bmpuuhknfhxszvalsxinbuvnsjlw/Build/Intermediates.noindex/SwiftExplicitPrecompiledModules

PruneExplicitPrecompiledModules /Users/artbox/Library/Developer/Xcode/DerivedData/Aetherfield-bmpuuhknfhxszvalsxinbuvnsjlw/Build/Intermediates.noindex/ExplicitPrecompiledModules

Test Suite 'Selected tests' started at 2026-09-21 22:34:51.231.
Test Suite 'AetherfieldHarnessTests.xctest' started at 2026-09-21 22:34:51.231.
Test Suite 'AetherfieldHarnessTests.xctest' passed at 2026-09-21 22:34:51.231.
	 Executed 0 tests, with 0 failures (0 unexpected) in 0.000 (0.000) seconds
Test Suite 'Selected tests' passed at 2026-09-21 22:34:51.231.
	 Executed 0 tests, with 0 failures (0 unexpected) in 0.000 (0.001) seconds
2026-09-21 22:34:51.558 xcodebuild[65115:509270] [MT] IDETestOperationsObserverDebug: 2.286 elapsed -- Testing started completed.
2026-09-21 22:34:51.558 xcodebuild[65115:509270] [MT] IDETestOperationsObserverDebug: 0.000 sec, +0.000 sec -- start
2026-09-21 22:34:51.558 xcodebuild[65115:509270] [MT] IDETestOperationsObserverDebug: 2.286 sec, +2.286 sec -- end

Test session results, code coverage, and logs:
	/Users/artbox/Library/Developer/Xcode/DerivedData/Aetherfield-bmpuuhknfhxszvalsxinbuvnsjlw/Logs/Test/Test-AetherfieldHarness-2026.09.21_22-34-48--0400.xcresult

** TEST SUCCEEDED **

Testing started
