Command line invocation:
    /Applications/Xcode.app/Contents/Developer/usr/bin/xcodebuild -project platform/apple/Aetherfield.xcodeproj -scheme AetherfieldAUExtension -configuration Release -destination generic/platform=iOS DEVELOPMENT_TEAM=W2VVZU52J6 CODE_SIGN_STYLE=Automatic -allowProvisioningUpdates clean build

Build settings from command line:
    CODE_SIGN_STYLE = Automatic
    DEVELOPMENT_TEAM = W2VVZU52J6

Build Preparation
Couldn't create workspace arena folder '/Users/artbox/Library/Developer/Xcode/DerivedData/Aetherfield-bmpuuhknfhxszvalsxinbuvnsjlw': Unable to write to info file '<DVTFilePath:0x9ba99a580:'/Users/artbox/Library/Developer/Xcode/DerivedData/Aetherfield-bmpuuhknfhxszvalsxinbuvnsjlw/info.plist'>'.

2026-09-21 22:35:05.930 xcodebuild[65163:509776] Error saving log: Error Domain=NSPOSIXErrorDomain Code=28 "No space left on device" UserInfo={NSFilePath=/Users/artbox/Library/Developer/Xcode/DerivedData/Aetherfield-bmpuuhknfhxszvalsxinbuvnsjlw/Logs/Build/B192925E-72B3-4AF0-9C70-AA7A636B69B9.xcactivitylog, NSLocalizedDescription=No space left on device} | User info: {
    NSFilePath = "/Users/artbox/Library/Developer/Xcode/DerivedData/Aetherfield-bmpuuhknfhxszvalsxinbuvnsjlw/Logs/Build/B192925E-72B3-4AF0-9C70-AA7A636B69B9.xcactivitylog";
    NSLocalizedDescription = "No space left on device";
}
** CLEAN FAILED **


The following build commands failed:
	Cleaning project Aetherfield with scheme AetherfieldAUExtension and configuration Release
(1 failure)
ComputePackagePrebuildTargetDependencyGraph

Prepare packages

CreateBuildRequest

SendProjectDescription

CreateBuildOperation

ComputeTargetDependencyGraph
note: Building targets in dependency order
note: Target dependency graph (2 targets)
    Target 'AetherfieldHost' in project 'Aetherfield'
        ➜ Explicit dependency on target 'AetherfieldAUExtension' in project 'Aetherfield'
    Target 'AetherfieldAUExtension' in project 'Aetherfield' (no dependencies)

GatherProvisioningInputs

CreateBuildDescription

ClangStatCache /Applications/Xcode.app/Contents/Developer/Toolchains/XcodeDefault.xctoolchain/usr/bin/clang-stat-cache /Applications/Xcode.app/Contents/Developer/Platforms/iPhoneOS.platform/Developer/SDKs/iPhoneOS27.0.sdk /Users/artbox/Library/Developer/Xcode/DerivedData/SDKStatCaches.noindex/iphoneos27.0-24A430-6c78b3cbc238196c85e1bf6c792c5915.sdkstatcache
    cd /Users/artbox/Documents/Repos/aetherfield/platform/apple/Aetherfield.xcodeproj
    /Applications/Xcode.app/Contents/Developer/Toolchains/XcodeDefault.xctoolchain/usr/bin/clang-stat-cache /Applications/Xcode.app/Contents/Developer/Platforms/iPhoneOS.platform/Developer/SDKs/iPhoneOS27.0.sdk -o /Users/artbox/Library/Developer/Xcode/DerivedData/SDKStatCaches.noindex/iphoneos27.0-24A430-6c78b3cbc238196c85e1bf6c792c5915.sdkstatcache

ProcessProductPackaging "" /Users/artbox/Library/Developer/Xcode/DerivedData/Aetherfield-bmpuuhknfhxszvalsxinbuvnsjlw/Build/Intermediates.noindex/Aetherfield.build/Release-iphoneos/AetherfieldAUExtension.build/AetherfieldAUExtension.appex.xcent (in target 'AetherfieldAUExtension' from project 'Aetherfield')
    cd /Users/artbox/Documents/Repos/aetherfield/platform/apple
    
    Entitlements:
    
    {
    "application-identifier" = "W2VVZU52J6.com.aetherfield.placeholder.AetherfieldHost.AetherfieldAUExtension";
    "com.apple.developer.team-identifier" = W2VVZU52J6;
    "get-task-allow" = 1;
}
    
    builtin-productPackagingUtility -entitlements -format xml -o /Users/artbox/Library/Developer/Xcode/DerivedData/Aetherfield-bmpuuhknfhxszvalsxinbuvnsjlw/Build/Intermediates.noindex/Aetherfield.build/Release-iphoneos/AetherfieldAUExtension.build/AetherfieldAUExtension.appex.xcent

ProcessProductPackaging /Users/artbox/Documents/Repos/aetherfield/platform/apple/AetherfieldHost/AetherfieldHost.entitlements /Users/artbox/Library/Developer/Xcode/DerivedData/Aetherfield-bmpuuhknfhxszvalsxinbuvnsjlw/Build/Intermediates.noindex/Aetherfield.build/Release-iphoneos/AetherfieldHost.build/AetherfieldHost.app.xcent (in target 'AetherfieldHost' from project 'Aetherfield')
    cd /Users/artbox/Documents/Repos/aetherfield/platform/apple
    
    Entitlements:
    
    {
    "application-identifier" = "W2VVZU52J6.com.aetherfield.placeholder.AetherfieldHost";
    "com.apple.developer.team-identifier" = W2VVZU52J6;
    "get-task-allow" = 1;
    "inter-app-audio" = 1;
}
    
    builtin-productPackagingUtility /Users/artbox/Documents/Repos/aetherfield/platform/apple/AetherfieldHost/AetherfieldHost.entitlements -entitlements -format xml -o /Users/artbox/Library/Developer/Xcode/DerivedData/Aetherfield-bmpuuhknfhxszvalsxinbuvnsjlw/Build/Intermediates.noindex/Aetherfield.build/Release-iphoneos/AetherfieldHost.build/AetherfieldHost.app.xcent

ProcessProductPackagingDER /Users/artbox/Library/Developer/Xcode/DerivedData/Aetherfield-bmpuuhknfhxszvalsxinbuvnsjlw/Build/Intermediates.noindex/Aetherfield.build/Release-iphoneos/AetherfieldAUExtension.build/AetherfieldAUExtension.appex.xcent /Users/artbox/Library/Developer/Xcode/DerivedData/Aetherfield-bmpuuhknfhxszvalsxinbuvnsjlw/Build/Intermediates.noindex/Aetherfield.build/Release-iphoneos/AetherfieldAUExtension.build/AetherfieldAUExtension.appex.xcent.der (in target 'AetherfieldAUExtension' from project 'Aetherfield')
    cd /Users/artbox/Documents/Repos/aetherfield/platform/apple
    /usr/bin/derq query -f xml -i /Users/artbox/Library/Developer/Xcode/DerivedData/Aetherfield-bmpuuhknfhxszvalsxinbuvnsjlw/Build/Intermediates.noindex/Aetherfield.build/Release-iphoneos/AetherfieldAUExtension.build/AetherfieldAUExtension.appex.xcent -o /Users/artbox/Library/Developer/Xcode/DerivedData/Aetherfield-bmpuuhknfhxszvalsxinbuvnsjlw/Build/Intermediates.noindex/Aetherfield.build/Release-iphoneos/AetherfieldAUExtension.build/AetherfieldAUExtension.appex.xcent.der --raw

ProcessProductPackagingDER /Users/artbox/Library/Developer/Xcode/DerivedData/Aetherfield-bmpuuhknfhxszvalsxinbuvnsjlw/Build/Intermediates.noindex/Aetherfield.build/Release-iphoneos/AetherfieldHost.build/AetherfieldHost.app.xcent /Users/artbox/Library/Developer/Xcode/DerivedData/Aetherfield-bmpuuhknfhxszvalsxinbuvnsjlw/Build/Intermediates.noindex/Aetherfield.build/Release-iphoneos/AetherfieldHost.build/AetherfieldHost.app.xcent.der (in target 'AetherfieldHost' from project 'Aetherfield')
    cd /Users/artbox/Documents/Repos/aetherfield/platform/apple
    /usr/bin/derq query -f xml -i /Users/artbox/Library/Developer/Xcode/DerivedData/Aetherfield-bmpuuhknfhxszvalsxinbuvnsjlw/Build/Intermediates.noindex/Aetherfield.build/Release-iphoneos/AetherfieldHost.build/AetherfieldHost.app.xcent -o /Users/artbox/Library/Developer/Xcode/DerivedData/Aetherfield-bmpuuhknfhxszvalsxinbuvnsjlw/Build/Intermediates.noindex/Aetherfield.build/Release-iphoneos/AetherfieldHost.build/AetherfieldHost.app.xcent.der --raw

ProcessInfoPlistFile /Users/artbox/Library/Developer/Xcode/DerivedData/Aetherfield-bmpuuhknfhxszvalsxinbuvnsjlw/Build/Products/Release-iphoneos/AetherfieldAUExtension.appex/Info.plist /Users/artbox/Documents/Repos/aetherfield/src/auv3/Info.plist (in target 'AetherfieldAUExtension' from project 'Aetherfield')
    cd /Users/artbox/Documents/Repos/aetherfield/platform/apple
    builtin-infoPlistUtility /Users/artbox/Documents/Repos/aetherfield/src/auv3/Info.plist -producttype com.apple.product-type.app-extension -expandbuildsettings -format binary -platform iphoneos -requiredArchitecture arm64 -o /Users/artbox/Library/Developer/Xcode/DerivedData/Aetherfield-bmpuuhknfhxszvalsxinbuvnsjlw/Build/Products/Release-iphoneos/AetherfieldAUExtension.appex/Info.plist

CodeSign /Users/artbox/Library/Developer/Xcode/DerivedData/Aetherfield-bmpuuhknfhxszvalsxinbuvnsjlw/Build/Products/Release-iphoneos/AetherfieldAUExtension.appex (in target 'AetherfieldAUExtension' from project 'Aetherfield')
    cd /Users/artbox/Documents/Repos/aetherfield/platform/apple
    
    Signing Identity:     "Apple Development: joshband@gmail.com (Q8RAXYZQK4)"
    Provisioning Profile: "iOS Team Provisioning Profile: com.aetherfield.placeholder.AetherfieldHost.AetherfieldAUExtension"
                          (b09e7b8d-864f-4de3-83d8-d7392a8995d2)
    
    /usr/bin/codesign --force --sign 627E3654EFB5CD119AA064491B4E60A7F157C6D4 --entitlements /Users/artbox/Library/Developer/Xcode/DerivedData/Aetherfield-bmpuuhknfhxszvalsxinbuvnsjlw/Build/Intermediates.noindex/Aetherfield.build/Release-iphoneos/AetherfieldAUExtension.build/AetherfieldAUExtension.appex.xcent --timestamp\=none --generate-entitlement-der /Users/artbox/Library/Developer/Xcode/DerivedData/Aetherfield-bmpuuhknfhxszvalsxinbuvnsjlw/Build/Products/Release-iphoneos/AetherfieldAUExtension.appex
/Users/artbox/Library/Developer/Xcode/DerivedData/Aetherfield-bmpuuhknfhxszvalsxinbuvnsjlw/Build/Products/Release-iphoneos/AetherfieldAUExtension.appex: replacing existing signature

Copy /Users/artbox/Library/Developer/Xcode/DerivedData/Aetherfield-bmpuuhknfhxszvalsxinbuvnsjlw/Build/Products/Release-iphoneos/AetherfieldHost.app/PlugIns/AetherfieldAUExtension.appex /Users/artbox/Library/Developer/Xcode/DerivedData/Aetherfield-bmpuuhknfhxszvalsxinbuvnsjlw/Build/Products/Release-iphoneos/AetherfieldAUExtension.appex (in target 'AetherfieldHost' from project 'Aetherfield')
    cd /Users/artbox/Documents/Repos/aetherfield/platform/apple
    builtin-copy -exclude .DS_Store -exclude CVS -exclude .svn -exclude .git -exclude .hg -exclude Headers -exclude PrivateHeaders -exclude Modules -exclude \*.tbd -resolve-src-symlinks -remove-static-executable /Users/artbox/Library/Developer/Xcode/DerivedData/Aetherfield-bmpuuhknfhxszvalsxinbuvnsjlw/Build/Products/Release-iphoneos/AetherfieldAUExtension.appex /Users/artbox/Library/Developer/Xcode/DerivedData/Aetherfield-bmpuuhknfhxszvalsxinbuvnsjlw/Build/Products/Release-iphoneos/AetherfieldHost.app/PlugIns

ProcessInfoPlistFile /Users/artbox/Library/Developer/Xcode/DerivedData/Aetherfield-bmpuuhknfhxszvalsxinbuvnsjlw/Build/Products/Release-iphoneos/AetherfieldHost.app/Info.plist /Users/artbox/Documents/Repos/aetherfield/platform/apple/AetherfieldHost/Info.plist (in target 'AetherfieldHost' from project 'Aetherfield')
    cd /Users/artbox/Documents/Repos/aetherfield/platform/apple
    builtin-infoPlistUtility /Users/artbox/Documents/Repos/aetherfield/platform/apple/AetherfieldHost/Info.plist -producttype com.apple.product-type.application -genpkginfo /Users/artbox/Library/Developer/Xcode/DerivedData/Aetherfield-bmpuuhknfhxszvalsxinbuvnsjlw/Build/Products/Release-iphoneos/AetherfieldHost.app/PkgInfo -expandbuildsettings -format binary -platform iphoneos -scanforprivacyfile /Users/artbox/Library/Developer/Xcode/DerivedData/Aetherfield-bmpuuhknfhxszvalsxinbuvnsjlw/Build/Products/Release-iphoneos/AetherfieldHost.app/PlugIns/AetherfieldAUExtension.appex -requiredArchitecture arm64 -o /Users/artbox/Library/Developer/Xcode/DerivedData/Aetherfield-bmpuuhknfhxszvalsxinbuvnsjlw/Build/Products/Release-iphoneos/AetherfieldHost.app/Info.plist

CodeSign /Users/artbox/Library/Developer/Xcode/DerivedData/Aetherfield-bmpuuhknfhxszvalsxinbuvnsjlw/Build/Products/Release-iphoneos/AetherfieldHost.app (in target 'AetherfieldHost' from project 'Aetherfield')
    cd /Users/artbox/Documents/Repos/aetherfield/platform/apple
    
    Signing Identity:     "Apple Development: joshband@gmail.com (Q8RAXYZQK4)"
    Provisioning Profile: "iOS Team Provisioning Profile: com.aetherfield.placeholder.AetherfieldHost"
                          (20d27be8-13cb-4997-9da4-ca0015208434)
    
    /usr/bin/codesign --force --sign 627E3654EFB5CD119AA064491B4E60A7F157C6D4 --entitlements /Users/artbox/Library/Developer/Xcode/DerivedData/Aetherfield-bmpuuhknfhxszvalsxinbuvnsjlw/Build/Intermediates.noindex/Aetherfield.build/Release-iphoneos/AetherfieldHost.build/AetherfieldHost.app.xcent --timestamp\=none --generate-entitlement-der /Users/artbox/Library/Developer/Xcode/DerivedData/Aetherfield-bmpuuhknfhxszvalsxinbuvnsjlw/Build/Products/Release-iphoneos/AetherfieldHost.app
/Users/artbox/Library/Developer/Xcode/DerivedData/Aetherfield-bmpuuhknfhxszvalsxinbuvnsjlw/Build/Products/Release-iphoneos/AetherfieldHost.app: replacing existing signature

ValidateEmbeddedBinary /Users/artbox/Library/Developer/Xcode/DerivedData/Aetherfield-bmpuuhknfhxszvalsxinbuvnsjlw/Build/Products/Release-iphoneos/AetherfieldHost.app/PlugIns/AetherfieldAUExtension.appex (in target 'AetherfieldHost' from project 'Aetherfield')
    cd /Users/artbox/Documents/Repos/aetherfield/platform/apple
    /Applications/Xcode.app/Contents/Developer/usr/bin/embeddedBinaryValidationUtility /Users/artbox/Library/Developer/Xcode/DerivedData/Aetherfield-bmpuuhknfhxszvalsxinbuvnsjlw/Build/Products/Release-iphoneos/AetherfieldHost.app/PlugIns/AetherfieldAUExtension.appex -signing-cert 627E3654EFB5CD119AA064491B4E60A7F157C6D4 -info-plist-path /Users/artbox/Library/Developer/Xcode/DerivedData/Aetherfield-bmpuuhknfhxszvalsxinbuvnsjlw/Build/Products/Release-iphoneos/AetherfieldHost.app/Info.plist

Validate /Users/artbox/Library/Developer/Xcode/DerivedData/Aetherfield-bmpuuhknfhxszvalsxinbuvnsjlw/Build/Products/Release-iphoneos/AetherfieldHost.app (in target 'AetherfieldHost' from project 'Aetherfield')
    cd /Users/artbox/Documents/Repos/aetherfield/platform/apple
    builtin-validationUtility /Users/artbox/Library/Developer/Xcode/DerivedData/Aetherfield-bmpuuhknfhxszvalsxinbuvnsjlw/Build/Products/Release-iphoneos/AetherfieldHost.app -shallow-bundle -infoplist-subpath Info.plist

PruneExplicitPrecompiledModules /Users/artbox/Library/Developer/Xcode/DerivedData/SDKExplicitPrecompiledModules

PruneExplicitPrecompiledModules /Users/artbox/Library/Developer/Xcode/DerivedData/Aetherfield-bmpuuhknfhxszvalsxinbuvnsjlw/Build/Intermediates.noindex/ExplicitPrecompiledModules

PruneExplicitPrecompiledModules /Users/artbox/Library/Developer/Xcode/DerivedData/Aetherfield-bmpuuhknfhxszvalsxinbuvnsjlw/Build/Intermediates.noindex/SwiftExplicitPrecompiledModules

** BUILD FAILED **

